
[36m╔══════════════════════════════════════════════════════════════════╗[0m
[36m║[0m                                                                  [36m║[0m
[36m║[0m           [1m[35m     ██╗███████╗███╗   ██╗ ██████╗  █████╗[0m             [36m║[0m
[36m║[0m           [1m[35m     ██║██╔════╝████╗  ██║██╔════╝ ██╔══██╗[0m            [36m║[0m
[36m║[0m           [1m[35m     ██║█████╗  ██╔██╗ ██║██║  ███╗███████║[0m            [36m║[0m
[36m║[0m           [1m[35m██   ██║██╔══╝  ██║╚██╗██║██║   ██║██╔══██║[0m            [36m║[0m
[36m║[0m           [1m[35m╚█████╔╝███████╗██║ ╚████║╚██████╔╝██║  ██║[0m            [36m║[0m
[36m║[0m           [1m[35m ╚════╝ ╚══════╝╚═╝  ╚═══╝ ╚═════╝ ╚═╝  ╚═╝[0m            [36m║[0m
[36m║[0m                                                                  [36m║[0m
[36m║[0m             [1mMulti-platform C/C++ Build System v2.8.4[0m             [36m║[0m
[36m║[0m                                                                  [36m║[0m
[36m╚══════════════════════════════════════════════════════════════════╝[0m


[96m━━━━━━━━━━━━━━━━━━━━━━━━━━━━━━━━━━━━━━━━━━━━━━━━━━━━━━━━━━━━━━━━━━━━━━━━━━━━━━━━[0m
[1m[96m  ▶  EXECUTION  —  la_taille_qui_change.exe[0m
[36m     D:\COURS_ENSPY\L4\Tgs\Chapitre_03\Build\Bin\Debug-Windows\la_taille_qui_change\la_taille_qui_change.exe[0m
[96m━━━━━━━━━━━━━━━━━━━━━━━━━━━━━━━━━━━━━━━━━━━━━━━━━━━━━━━━━━━━━━━━━━━━━━━━━━━━━━━━[0m

[10:38:00.251] #1 : 984x671
resize
[10:38:13.101] #2 : 942x671
resize
[10:38:13.101] #3 : 971x759
resize
[10:38:13.101] #4 : 939x671
resize
[10:38:13.101] #5 : 970x759
resize
[10:38:13.101] #6 : 938x671
resize
[10:38:13.101] #7 : 968x759
resize
[10:38:13.101] #8 : 936x671
resize
[10:38:13.101] #9 : 967x759
resize
[10:38:13.101] #10 : 935x671
resize
[10:38:13.102] #11 : 964x759
resize
[10:38:13.102] #12 : 932x671
resize
[10:38:13.102] #13 : 963x759
resize
[10:38:13.102] #14 : 931x671
resize
[10:38:13.102] #15 : 961x759
resize
[10:38:13.102] #16 : 929x671
resize
[10:38:13.102] #17 : 960x759
resize
[10:38:13.102] #18 : 928x671
resize
[10:38:13.102] #19 : 957x759
resize
[10:38:13.102] #20 : 925x671
resize
[10:38:13.102] #21 : 956x759
resize
[10:38:13.102] #22 : 924x671
resize
[10:38:13.102] #23 : 954x759
resize
[10:38:13.102] #24 : 922x671
resize
[10:38:13.103] #25 : 953x759
resize
[10:38:13.103] #26 : 921x671
resize
[10:38:13.103] #27 : 951x759
resize
[10:38:13.103] #28 : 919x671
resize
[10:38:13.103] #29 : 950x759
resize
[10:38:13.103] #30 : 918x671
resize
[10:38:13.103] #31 : 948x759
resize
[10:38:13.103] #32 : 916x671
resize
[10:38:13.103] #33 : 947x759
resize
[10:38:13.103] #34 : 915x671
resize
[10:38:13.103] #35 : 943x759
resize
[10:38:13.103] #36 : 911x671
resize
[10:38:13.103] #37 : 941x759
resize
[10:38:13.103] #38 : 909x671
resize
[10:38:13.104] #39 : 937x759
resize
[10:38:13.104] #40 : 905x671
resize
[10:38:13.104] #41 : 935x759
resize
[10:38:13.104] #42 : 903x671
resize
[10:38:13.104] #43 : 934x759
resize
[10:38:13.104] #44 : 902x671
resize
[10:38:13.104] #45 : 931x759
resize
[10:38:13.104] #46 : 899x671
resize
[10:38:13.104] #47 : 928x759
resize
[10:38:13.104] #48 : 896x671
resize
[10:38:13.104] #49 : 927x759
resize
[10:38:13.104] #50 : 895x671
resize
[10:38:13.104] #51 : 925x759
resize
[10:38:13.104] #52 : 893x671
resize
[10:38:13.105] #53 : 924x759
resize
[10:38:13.105] #54 : 892x671
resize
[10:38:13.105] #55 : 922x759
resize
[10:38:13.105] #56 : 890x671
resize
[10:38:13.105] #57 : 921x759
resize
[10:38:13.105] #58 : 889x671
resize
[10:38:13.105] #59 : 920x759
resize
[10:38:13.105] #60 : 888x671
resize
[10:38:13.105] #61 : 918x759
resize
[10:38:13.105] #62 : 886x671
resize
[10:38:13.105] #63 : 917x759
resize
[10:38:13.105] #64 : 885x671
resize
[10:38:13.105] #65 : 912x759
resize
[10:38:13.105] #66 : 880x671
resize
[10:38:13.105] #67 : 911x759
resize
[10:38:13.105] #68 : 879x671
resize
[10:38:13.106] #69 : 909x759
resize
[10:38:13.106] #70 : 877x671
resize
[10:38:13.106] #71 : 909x759
resize
[10:38:13.106] #72 : 908x759
resize
[10:38:13.106] #73 : 876x671
resize
[10:38:13.106] #74 : 907x759
resize
[10:38:13.106] #75 : 875x671
resize
[10:38:13.106] #76 : 905x759
resize
[10:38:13.106] #77 : 873x671
resize
[10:38:13.106] #78 : 904x759
resize
[10:38:13.106] #79 : 872x671
resize
[10:38:13.106] #80 : 902x759
resize
[10:38:13.106] #81 : 870x671
resize
[10:38:13.106] #82 : 901x759
resize
[10:38:13.106] #83 : 869x671
resize
[10:38:13.106] #84 : 901x759
resize
[10:38:13.107] #85 : 898x759
resize
[10:38:13.107] #86 : 866x671
resize
[10:38:13.107] #87 : 896x759
resize
[10:38:13.107] #88 : 864x671
resize
[10:38:13.107] #89 : 895x759
resize
[10:38:13.107] #90 : 863x671
resize
[10:38:13.107] #91 : 894x759
resize
[10:38:13.107] #92 : 862x671
resize
[10:38:13.107] #93 : 894x759
resize
[10:38:13.107] #94 : 892x759
resize
[10:38:13.107] #95 : 860x671
resize
[10:38:13.107] #96 : 891x759
resize
[10:38:13.107] #97 : 859x671
resize
[10:38:13.107] #98 : 889x759
resize
[10:38:13.107] #99 : 857x671
resize
[10:38:13.107] #100 : 889x759
resize
[10:38:13.108] #101 : 888x759
resize
[10:38:13.108] #102 : 856x671
resize
[10:38:13.108] #103 : 886x759
resize
[10:38:13.108] #104 : 854x671
resize
[10:38:13.108] #105 : 883x759
resize
[10:38:13.108] #106 : 851x671
resize
[10:38:13.108] #107 : 882x759
resize
[10:38:13.108] #108 : 850x671
resize
[10:38:13.108] #109 : 881x759
resize
[10:38:13.108] #110 : 849x671
resize
[10:38:13.108] #111 : 879x759
resize
[10:38:13.108] #112 : 847x671
resize
[10:38:13.108] #113 : 878x759
resize
[10:38:13.108] #114 : 846x671
resize
[10:38:13.108] #115 : 876x759
resize
[10:38:13.109] #116 : 844x671
resize
[10:38:13.109] #117 : 875x759
resize
[10:38:13.109] #118 : 843x671
resize
[10:38:13.109] #119 : 873x759
resize
[10:38:13.109] #120 : 841x671
resize
[10:38:13.109] #121 : 872x759
resize
[10:38:13.109] #122 : 840x671
resize
[10:38:13.109] #123 : 869x759
resize
[10:38:13.109] #124 : 837x671
resize
[10:38:13.109] #125 : 869x759
resize
[10:38:13.109] #126 : 868x759
resize
[10:38:13.109] #127 : 836x671
resize
[10:38:13.109] #128 : 866x759
resize
[10:38:13.109] #129 : 834x671
resize
[10:38:13.109] #130 : 865x759
resize
[10:38:13.109] #131 : 833x671
resize
[10:38:13.110] #132 : 863x759
resize
[10:38:13.110] #133 : 831x671
resize
[10:38:13.110] #134 : 863x759
resize
[10:38:13.110] #135 : 862x759
resize
[10:38:13.110] #136 : 830x671
resize
[10:38:13.110] #137 : 860x759
resize
[10:38:13.110] #138 : 828x671
resize
[10:38:13.110] #139 : 859x759
resize
[10:38:13.110] #140 : 827x671
resize
[10:38:13.110] #141 : 858x759
resize
[10:38:13.110] #142 : 826x671
resize
[10:38:13.110] #143 : 858x759
resize
[10:38:13.110] #144 : 854x759
resize
[10:38:13.110] #145 : 822x671
resize
[10:38:13.110] #146 : 854x759
resize
[10:38:13.111] #147 : 853x759
resize
[10:38:13.111] #148 : 821x671
resize
[10:38:13.111] #149 : 852x759
resize
[10:38:13.111] #150 : 820x671
resize
[10:38:13.111] #151 : 850x759
resize
[10:38:13.111] #152 : 818x671
resize
[10:38:13.111] #153 : 849x759
resize
[10:38:13.111] #154 : 817x671
resize
[10:38:13.111] #155 : 849x759
resize
[10:38:13.111] #156 : 847x759
resize
[10:38:13.111] #157 : 815x671
resize
[10:38:13.111] #158 : 846x759
resize
[10:38:13.111] #159 : 814x671
resize
[10:38:13.111] #160 : 846x759
resize
[10:38:13.111] #161 : 844x759
resize
[10:38:13.112] #162 : 812x671
resize
[10:38:13.112] #163 : 843x759
resize
[10:38:13.112] #164 : 811x671
resize
[10:38:13.112] #165 : 840x759
resize
[10:38:13.112] #166 : 808x671
resize
[10:38:13.112] #167 : 838x759
resize
[10:38:13.112] #168 : 806x671
resize
[10:38:13.112] #169 : 838x759
resize
[10:38:13.112] #170 : 837x759
resize
[10:38:13.112] #171 : 805x671
resize
[10:38:13.112] #172 : 836x759
resize
[10:38:13.112] #173 : 804x671
resize
[10:38:13.112] #174 : 834x759
resize
[10:38:13.112] #175 : 802x671
resize
[10:38:13.112] #176 : 833x759
resize
[10:38:13.113] #177 : 801x671
resize
[10:38:13.113] #178 : 833x759
resize
[10:38:13.113] #179 : 831x759
resize
[10:38:13.113] #180 : 799x671
resize
[10:38:13.113] #181 : 830x759
resize
[10:38:13.113] #182 : 798x671
resize
[10:38:13.113] #183 : 829x759
resize
[10:38:13.113] #184 : 797x671
resize
[10:38:13.113] #185 : 829x759
resize
[10:38:13.113] #186 : 826x759
resize
[10:38:13.113] #187 : 794x671
resize
[10:38:13.113] #188 : 824x759
resize
[10:38:13.114] #189 : 792x671
resize
[10:38:13.114] #190 : 823x759
resize
[10:38:13.114] #191 : 791x671
resize
[10:38:13.114] #192 : 821x759
resize
[10:38:13.114] #193 : 789x671
resize
[10:38:13.114] #194 : 821x759
resize
[10:38:13.114] #195 : 820x759
resize
[10:38:13.114] #196 : 788x671
resize
[10:38:13.114] #197 : 818x759
resize
[10:38:13.114] #198 : 786x671
resize

Nombre d'evenements : 198---198

[92m━━━━━━━━━━━━━━━━━━━━━━━━━━━━━━━━━━━━━━━━━━━━━━━━━━━━━━━━━━━━━━━━━━━━━━━━━━━━━━━━[0m
[1m[92m  ◀  FIN D'EXECUTION  —  termine normalement  (14.40s)[0m
[92m━━━━━━━━━━━━━━━━━━━━━━━━━━━━━━━━━━━━━━━━━━━━━━━━━━━━━━━━━━━━━━━━━━━━━━━━━━━━━━━━[0m
