
[36m╔══════════════════════════════════════════════════════════════════╗[0m
[36m║[0m                                                                  [36m║[0m
[36m║[0m           [1m[35m     ██╗███████╗███╗   ██╗ ██████╗  █████╗[0m             [36m║[0m
[36m║[0m           [1m[35m     ██║██╔════╝████╗  ██║██╔════╝ ██╔══██╗[0m            [36m║[0m
[36m║[0m           [1m[35m     ██║█████╗  ██╔██╗ ██║██║  ███╗███████║[0m            [36m║[0m
[36m║[0m           [1m[35m██   ██║██╔══╝  ██║╚██╗██║██║   ██║██╔══██║[0m            [36m║[0m
[36m║[0m           [1m[35m╚█████╔╝███████╗██║ ╚████║╚██████╔╝██║  ██║[0m            [36m║[0m
[36m║[0m           [1m[35m ╚════╝ ╚══════╝╚═╝  ╚═══╝ ╚═════╝ ╚═╝  ╚═╝[0m            [36m║[0m
[36m║[0m                                                                  [36m║[0m
[36m║[0m             [1mMulti-platform C/C++ Build System v2.8.4[0m             [36m║[0m
[36m║[0m                                                                  [36m║[0m
[36m╚══════════════════════════════════════════════════════════════════╝[0m


[96m━━━━━━━━━━━━━━━━━━━━━━━━━━━━━━━━━━━━━━━━━━━━━━━━━━━━━━━━━━━━━━━━━━━━━━━━━━━━━━━━[0m
[1m[96m  ▶  EXECUTION  —  la_taille_qui_change.exe[0m
[36m     D:\COURS_ENSPY\L4\Tgs\Chapitre_03\Build\Bin\Debug-Windows\la_taille_qui_change\la_taille_qui_change.exe[0m
[96m━━━━━━━━━━━━━━━━━━━━━━━━━━━━━━━━━━━━━━━━━━━━━━━━━━━━━━━━━━━━━━━━━━━━━━━━━━━━━━━━[0m

[10:40:36.837] #1 : 984x671
resize
[10:40:40.530] #2 : 1131x759
resize
[10:40:40.531] #3 : 1099x671
resize
[10:40:40.531] #4 : 1669x759
resize
[10:40:40.531] #5 : 1637x671
resize
[10:40:40.531] #6 : 2211x759
resize
[10:40:40.531] #7 : 2179x671
resize
[10:40:40.531] #8 : 2441x759
resize
[10:40:40.531] #9 : 2409x671
resize
[10:40:40.531] #10 : 2441x759
resize
[10:40:40.531] #11 : 2441x759
resize
[10:40:40.531] #12 : 2441x759
resize
[10:40:40.531] #13 : 2440x759
resize
[10:40:40.531] #14 : 2408x671
resize
[10:40:40.531] #15 : 2439x759
resize
[10:40:40.531] #16 : 2407x671
resize
[10:40:40.531] #17 : 2437x759
resize
[10:40:40.531] #18 : 2405x671
resize
[10:40:40.531] #19 : 2433x759
resize
[10:40:40.531] #20 : 2401x671
resize
[10:40:40.531] #21 : 2432x759
resize
[10:40:40.531] #22 : 2400x671
resize

Nombre d'evenements : 22---22

[92m━━━━━━━━━━━━━━━━━━━━━━━━━━━━━━━━━━━━━━━━━━━━━━━━━━━━━━━━━━━━━━━━━━━━━━━━━━━━━━━━[0m
[1m[92m  ◀  FIN D'EXECUTION  —  termine normalement  (5.93s)[0m
[92m━━━━━━━━━━━━━━━━━━━━━━━━━━━━━━━━━━━━━━━━━━━━━━━━━━━━━━━━━━━━━━━━━━━━━━━━━━━━━━━━[0m
